
> @workspace/discord-bot@0.0.0 test
> tsx --test test/*.test.ts

TAP version 13
# Subtest: v2Payload keeps explicit mention options, defaults to no-parse
ok 1 - v2Payload keeps explicit mention options, defaults to no-parse
  ---
  duration_ms: 2.585981
  type: 'test'
  ...
# Subtest: serialized V2 message bodies keep explicit API mention options
ok 2 - serialized V2 message bodies keep explicit API mention options
  ---
  duration_ms: 0.534656
  type: 'test'
  ...
# Subtest: interaction callback V2 data is protected without changing non-V2 bodies
ok 3 - interaction callback V2 data is protected without changing non-V2 bodies
  ---
  duration_ms: 0.236951
  type: 'test'
  ...
# Subtest: V2 card preserves EmbedBuilder author avatar and URL
ok 4 - V2 card preserves EmbedBuilder author avatar and URL
  ---
  duration_ms: 3.45476
  type: 'test'
  ...
# Subtest: V2 card preserves EmbedBuilder footer icon
ok 5 - V2 card preserves EmbedBuilder footer icon
  ---
  duration_ms: 0.691925
  type: 'test'
  ...
# Subtest: error and warning helpers preserve their branded footer and timestamp
ok 6 - error and warning helpers preserve their branded footer and timestamp
  ---
  duration_ms: 1.125213
  type: 'test'
  ...
# Subtest: permission errors preserve the bot avatar and specialized footer
ok 7 - permission errors preserve the bot avatar and specialized footer
  ---
  duration_ms: 0.516519
  type: 'test'
  ...
# Subtest: parseMention kullanıcı mention ve ID değerlerini okur
ok 8 - parseMention kullanıcı mention ve ID değerlerini okur
  ---
  duration_ms: 1.303218
  type: 'test'
  ...
# Subtest: parseChannelMention kanal mention ve ID değerlerini okur
ok 9 - parseChannelMention kanal mention ve ID değerlerini okur
  ---
  duration_ms: 0.313343
  type: 'test'
  ...
# Subtest: extractRawRest biçimlendirmeyi ve satır sonlarını korur
ok 10 - extractRawRest biçimlendirmeyi ve satır sonlarını korur
  ---
  duration_ms: 0.408764
  type: 'test'
  ...
# Subtest: formatDuration Türkçe süreleri doğru biçimlendirir
ok 11 - formatDuration Türkçe süreleri doğru biçimlendirir
  ---
  duration_ms: 0.191563
  type: 'test'
  ...
# Subtest: built-in command registry contains every registered command once
ok 12 - built-in command registry contains every registered command once
  ---
  duration_ms: 3.938292
  type: 'test'
  ...
# Subtest: command registry rejects name and alias collisions
ok 13 - command registry rejects name and alias collisions
  ---
  duration_ms: 0.778435
  type: 'test'
  ...
1..13
# tests 13
# suites 0
# pass 13
# fail 0
# cancelled 0
# skipped 0
# todo 0
# duration_ms 1910.026225
